<?xml version="1.0" encoding="utf-8"?><testsuites><testsuite name="pytest" errors="0" failures="0" skipped="0" tests="8" time="0.032" timestamp="2024-12-28T12:24:13.625498" hostname="LAPTOP-24462QRH"><testcase classname="tests.test_loan_calculator" name="test_calculate_interest" time="0.001" /><testcase classname="tests.test_loan_calculator" name="test_calculate_total_amount" time="0.000" /><testcase classname="tests.test_loan_calculator" name="test_calculate_monthly_payment" time="0.000" /><testcase classname="tests.test_loan_calculator" name="test_negative_principal" time="0.000" /><testcase classname="tests.test_loan_calculator" name="test_negative_rate" time="0.000" /><testcase classname="tests.test_loan_calculator" name="test_negative_time" time="0.000" /><testcase classname="tests.test_loan_calculator" name="test_zero_months" time="0.000" /><testcase classname="tests.test_loan_calculator" name="test_one_month_payment" time="0.000" /></testsuite></testsuites>